[Licensing::Module] Trying to connect to existing licensing client channel...
Built from '6000.2/staging' branch; Version is '6000.2.10f1 (d3d30d158480) revision 13882125'; Using compiler version '194234433'; Build Type 'Release'
[Licensing::IpcConnector] Successfully connected to: "LicenseClient-lele7" at "2026-02-02T01:46:53.060905Z"
OS: 'Windows 11  (10.0.26100) 64bit Professional' Language: 'zh' Physical Memory: 48961 MB
BatchMode: 1, IsHumanControllingUs: 0, StartBugReporterOnCrash: 0, Is64bit: 1
Date: 2026-02-02T01:46:53Z

COMMAND LINE ARGUMENTS:
D:\Unity\6000.2.10f1\Editor\Unity.exe
-adb2
-batchMode
-noUpm
-name
AssetImportWorker3
-projectPath
E:/WuhanWaterConservationScienceMuseum/在线监测
-logFile
Logs/AssetImportWorker3.log
-srvPort
8741
-licensingIpc
LicenseClient-lele7
-job-worker-count
11
-background-job-worker-count
8
-gc-helper-count
1
-name
AssetImport
Successfully changed project path to: E:/WuhanWaterConservationScienceMuseum/在线监测
E:/WuhanWaterConservationScienceMuseum/在线监测
[UnityMemory] Configuration Parameters - Can be set up in boot.config
    "memorysetup-allocator-temp-initial-block-size-main=262144"
    "memorysetup-allocator-temp-initial-block-size-worker=262144"
    "memorysetup-bucket-allocator-granularity=16"
    "memorysetup-bucket-allocator-bucket-count=8"
    "memorysetup-bucket-allocator-block-size=33554432"
    "memorysetup-bucket-allocator-block-count=8"
    "memorysetup-main-allocator-block-size=16777216"
    "memorysetup-thread-allocator-block-size=16777216"
    "memorysetup-gfx-main-allocator-block-size=16777216"
    "memorysetup-gfx-thread-allocator-block-size=16777216"
    "memorysetup-cache-allocator-block-size=4194304"
    "memorysetup-typetree-allocator-block-size=2097152"
    "memorysetup-profiler-bucket-allocator-granularity=16"
    "memorysetup-profiler-bucket-allocator-bucket-count=8"
    "memorysetup-profiler-bucket-allocator-block-size=33554432"
    "memorysetup-profiler-bucket-allocator-block-count=8"
    "memorysetup-profiler-allocator-block-size=16777216"
    "memorysetup-profiler-editor-allocator-block-size=1048576"
    "memorysetup-temp-allocator-size-main=16777216"
    "memorysetup-job-temp-allocator-block-size=2097152"
    "memorysetup-job-temp-allocator-block-size-background=1048576"
    "memorysetup-job-temp-allocator-reduction-small-platforms=262144"
    "memorysetup-temp-allocator-size-background-worker=32768"
    "memorysetup-temp-allocator-size-job-worker=262144"
    "memorysetup-temp-allocator-size-preload-manager=33554432"
    "memorysetup-temp-allocator-size-nav-mesh-worker=65536"
    "memorysetup-temp-allocator-size-audio-worker=65536"
    "memorysetup-temp-allocator-size-cloud-worker=32768"
    "memorysetup-temp-allocator-size-gi-baking-worker=262144"
    "memorysetup-temp-allocator-size-gi-baking-worker=262144"
    "memorysetup-temp-allocator-size-gi-baking-worker=262144"
    "memorysetup-temp-allocator-size-gi-baking-worker=262144"
    "memorysetup-temp-allocator-size-gi-baking-worker=262144"
    "memorysetup-temp-allocator-size-gfx=262144"
Player connection [37764]  Target information:

Player connection [37764]  * "[IP] 192.168.10.3 [Port] 0 [Flags] 2 [Guid] 3153575727 [EditorId] 3153575727 [Version] 1048832 [Id] WindowsEditor(7,lele) [Debug] 1 [PackageName] WindowsEditor [ProjectName] Editor" 

Player connection [37764] Host joined multi-casting on [225.0.0.222:54997]...
Player connection [37764] Host joined alternative multi-casting on [225.0.0.222:34997]...
JobSystem: Creating JobQueue using job-worker-count value 11
Input System module state changed to: Initialized.
[Physics::Module] Initialized fallback backend.
[Physics::Module] Id: 0xdecafbad
[Licensing::Client] Code 10 while verifying Licensing Client signature (process Id: 27208, path: "D:/UnityHub/Unity Hub/UnityLicensingClient_V1/Unity.Licensing.Client.exe")
[Licensing::Module] LicensingClient has failed validation; ignoring
[Licensing::Client] Handshaking with LicensingClient:
  Version:                 1.17.4+4293ba1
  Session Id:              d80a72423c0545b3bc9ec5d9f98bc63d
  Correlation Id:          843f123405de2d33c1f1ef86545eb6e4
  External correlation Id: 4387895826550093656
  Machine Id:              u8KMWfVxpLy2SnP+JwXBXavZzKk=
[Licensing::Module] Successfully connected to LicensingClient on channel: "LicenseClient-lele7" (connect: 0.00s, validation: 0.00s, handshake: 0.05s)
[Licensing::IpcConnector] Successfully connected to: "LicenseClient-lele7-notifications" at "2026-02-02T01:46:53.1098933Z"
[Licensing::Module] Licensing Background thread has ended after 0.05s
Library Redirect Path: Library/
[Physics::Module] Selected backend.
[Physics::Module] Name: PhysX
[Physics::Module] Id: 0xf2b8ea05
[Physics::Module] SDK Version: 4.1.2
[Physics::Module] Integration Version: 1.0.0
[Physics::Module] Threading Mode: Multi-Threaded
Refreshing native plugins compatible for Editor in 311.76 ms, found 6 plugins.
Preloading 0 native plugins for Editor in 0.00 ms.
Initialize engine version: 6000.2.10f1 (d3d30d158480)
[Subsystems] Discovering subsystems at path D:/Unity/6000.2.10f1/Editor/Data/Resources/UnitySubsystems
[Subsystems] Discovering subsystems at path E:/WuhanWaterConservationScienceMuseum/在线监测/Assets
GfxDevice: creating device client; kGfxThreadingModeNonThreaded
Direct3D:
    Version:  Direct3D 11.0 [level 11.1]
    Renderer: NVIDIA GeForce RTX 5060 (ID=0x2d05)
    Vendor:   NVIDIA
    VRAM:     7807 MB
    Driver:   32.0.15.8142
Initialize mono
Mono path[0] = 'D:/Unity/6000.2.10f1/Editor/Data/Managed'
Mono path[1] = 'D:/Unity/6000.2.10f1/Editor/Data/MonoBleedingEdge/lib/mono/unityjit-win32'
Mono config path = 'D:/Unity/6000.2.10f1/Editor/Data/MonoBleedingEdge/etc'
Using monoOptions --debugger-agent=transport=dt_socket,embedding=1,server=y,suspend=n,address=127.0.0.1:56760
Begin MonoManager ReloadAssembly
Registering precompiled unity dll's ...
Register platform support module: D:/Unity/6000.2.10f1/Editor/Data/PlaybackEngines/WindowsStandaloneSupport/UnityEditor.WindowsStandalone.Extensions.dll
Registered in 0.001009 seconds.
- Loaded All Assemblies, in  0.288 seconds
Native extension for WindowsStandalone target not found
Mono: successfully reloaded assembly
- Finished resetting the current domain, in  0.237 seconds
Domain Reload Profiling: 523ms
	BeginReloadAssembly (98ms)
		ExecutionOrderSort (0ms)
		DisableScriptedObjects (0ms)
		BackupInstance (0ms)
		ReleaseScriptingObjects (0ms)
		CreateAndSetChildDomain (1ms)
	RebuildCommonClasses (27ms)
	RebuildNativeTypeToScriptingClass (8ms)
	initialDomainReloadingComplete (35ms)
	LoadAllAssembliesAndSetupDomain (117ms)
		LoadAssemblies (94ms)
		RebuildTransferFunctionScriptingTraits (0ms)
		AnalyzeDomain (115ms)
			TypeCache.Refresh (113ms)
				TypeCache.ScanAssembly (103ms)
			BuildScriptInfoCaches (0ms)
			ResolveRequiredComponents (0ms)
	FinalizeReload (238ms)
		ReleaseScriptCaches (0ms)
		RebuildScriptCaches (0ms)
		SetupLoadedEditorAssemblies (207ms)
			LogAssemblyErrors (0ms)
			InitializePlatformSupportModulesInManaged (34ms)
			SetLoadedEditorAssemblies (2ms)
			BeforeProcessingInitializeOnLoad (45ms)
			ProcessInitializeOnLoadAttributes (91ms)
			ProcessInitializeOnLoadMethodAttributes (35ms)
			AfterProcessingInitializeOnLoad (0ms)
			EditorAssembliesLoaded (0ms)
		ExecutionOrderSort2 (0ms)
		AwakeInstancesAfterBackupRestoration (0ms)
========================================================================
Worker process is ready to serve import requests
Import Worker Mode flag is 0x00
Begin MonoManager ReloadAssembly
[Licensing::Client] Successfully resolved entitlement details
[Licensing::Module] License group:
  Id: ewogICJzdWJzR3JvdXAiIDogInVuaXR5IGVkaXRvciIsCiAgIm5hbWVzcGFjZSIgOiAidW5pdHlfZWRpdG9yIiwKICAidHlwZSIgOiAiRURJVE9SIiwKICAidGFnIiA6ICJVbml0eVBlcnNvbmFsXXXX
  Product: Unity Personal Version
  Type: Assigned
  Expiration: Unlimited
- Loaded All Assemblies, in  0.352 seconds
Refreshing native plugins compatible for Editor in 6.83 ms, found 6 plugins.
Native extension for WindowsStandalone target not found
Refreshing native plugins compatible for Editor in 8.05 ms, found 6 plugins.
Package Manager log level set to [2]
[Package Manager] Failed to launch server process. Reason: Unity was launched with the -noUpm command-line argument
[Package Manager] Unable to send message (not connected to server process).
[Package Manager] Cannot connect to Unity Package Manager local server
Mono: successfully reloaded assembly
- Finished resetting the current domain, in  0.358 seconds
Domain Reload Profiling: 708ms
	BeginReloadAssembly (127ms)
		ExecutionOrderSort (0ms)
		DisableScriptedObjects (4ms)
		BackupInstance (0ms)
		ReleaseScriptingObjects (0ms)
		CreateAndSetChildDomain (21ms)
	RebuildCommonClasses (23ms)
	RebuildNativeTypeToScriptingClass (8ms)
	initialDomainReloadingComplete (24ms)
	LoadAllAssembliesAndSetupDomain (168ms)
		LoadAssemblies (168ms)
		RebuildTransferFunctionScriptingTraits (0ms)
		AnalyzeDomain (68ms)
			TypeCache.Refresh (54ms)
				TypeCache.ScanAssembly (45ms)
			BuildScriptInfoCaches (10ms)
			ResolveRequiredComponents (1ms)
	FinalizeReload (358ms)
		ReleaseScriptCaches (0ms)
		RebuildScriptCaches (0ms)
		SetupLoadedEditorAssemblies (286ms)
			LogAssemblyErrors (0ms)
			InitializePlatformSupportModulesInManaged (2ms)
			SetLoadedEditorAssemblies (2ms)
			BeforeProcessingInitializeOnLoad (62ms)
			ProcessInitializeOnLoadAttributes (203ms)
			ProcessInitializeOnLoadMethodAttributes (15ms)
			AfterProcessingInitializeOnLoad (3ms)
			EditorAssembliesLoaded (0ms)
		ExecutionOrderSort2 (0ms)
		AwakeInstancesAfterBackupRestoration (5ms)
WARNING: Shader Unsupported: 'Vuplex/Android Web Shader' - All subshaders removed
WARNING: Shader Did you use #pragma only_renderers and omit this platform?
WARNING: Shader If subshaders removal was intentional, you may have forgotten turning Fallback off?
WARNING: Shader Unsupported: 'Vuplex/Android Web Shader' - All subshaders removed
WARNING: Shader Did you use #pragma only_renderers and omit this platform?
WARNING: Shader If subshaders removal was intentional, you may have forgotten turning Fallback off?
Launched and connected shader compiler UnityShaderCompiler.exe after 0.01 seconds
Refreshing native plugins compatible for Editor in 16.41 ms, found 6 plugins.
Preloading 0 native plugins for Editor in 0.00 ms.
Unloading 2 Unused Serialized files (Serialized files now loaded: 0)
Unloading 2008 unused Assets / (0.7 MB). Loaded Objects now: 2425.
Memory consumption went from 70.5 MB to 69.8 MB.
Total: 5.700600 ms (FindLiveObjects: 0.510400 ms CreateObjectMapping: 0.130700 ms MarkObjects: 4.163600 ms  DeleteObjects: 0.893800 ms)

========================================================================
Received Prepare
WARNING: Shader Unsupported: 'Vuplex/Android Web Shader' - All subshaders removed
WARNING: Shader Did you use #pragma only_renderers and omit this platform?
WARNING: Shader If subshaders removal was intentional, you may have forgotten turning Fallback off?
WARNING: Shader Unsupported: 'Vuplex/Android Web Shader' - All subshaders removed
WARNING: Shader Did you use #pragma only_renderers and omit this platform?
WARNING: Shader If subshaders removal was intentional, you may have forgotten turning Fallback off?
Refreshing native plugins compatible for Editor in 7.38 ms, found 3 plugins.
Preloading 0 native plugins for Editor in 0.00 ms.
Unloading 2 Unused Serialized files (Serialized files now loaded: 0)
Unloading 1919 unused Assets / (0.6 MB). Loaded Objects now: 2425.
Memory consumption went from 69.3 MB to 68.6 MB.
Total: 5.745000 ms (FindLiveObjects: 0.286900 ms CreateObjectMapping: 0.636000 ms MarkObjects: 4.240400 ms  DeleteObjects: 0.580500 ms)

Prepare: number of updated asset objects reloaded= 0
========================================================================
Received Import Request.
  Time since last request: 1237.064130 seconds.
  path: Assets/Scenes/SampleScene.unity
  artifactKey: Guid(9fc0d4010bbf28b4594072e72b8655ab) Importer(2089858483,192608db42251d675da83286b1cce702)
Start importing Assets/Scenes/SampleScene.unity using Guid(9fc0d4010bbf28b4594072e72b8655ab) Importer(2089858483,192608db42251d675da83286b1cce702) (ScriptedImporter) -> (artifact id: 'f29d4f45af0f839beb46388b265e5a0e') in 0.0683073 seconds
Number of updated asset objects reloaded before import = 0Number of asset objects unloaded after import = 1

========================================================================
Received Import Request.
  Time since last request: 0.000030 seconds.
  path: Assets/StreamingAssets/AVProVideoSamples/SampleSubtitles.srt
  artifactKey: Guid(e5b1854bd0cb0194d831a7a47aa82dc0) Importer(2089858483,192608db42251d675da83286b1cce702)
Start importing Assets/StreamingAssets/AVProVideoSamples/SampleSubtitles.srt using Guid(e5b1854bd0cb0194d831a7a47aa82dc0) Importer(2089858483,192608db42251d675da83286b1cce702) (ScriptedImporter) -> (artifact id: 'b454ef0721571f0d78bee1cf20893849') in 0.0042887 seconds
Number of updated asset objects reloaded before import = 0Number of asset objects unloaded after import = 1

========================================================================
Received Import Request.
  Time since last request: 0.000030 seconds.
  path: Assets/StreamingAssets/AVProVideoSamples/Cones-2D-1080p60-H264.mp4
  artifactKey: Guid(e4b9fc9aea7dba74780d696a21430659) Importer(2089858483,192608db42251d675da83286b1cce702)
Start importing Assets/StreamingAssets/AVProVideoSamples/Cones-2D-1080p60-H264.mp4 using Guid(e4b9fc9aea7dba74780d696a21430659) Importer(2089858483,192608db42251d675da83286b1cce702) (ScriptedImporter) -> (artifact id: '6e1cc20930c33c247fb4a8fb8b42dd38') in 0.0050602 seconds
Number of updated asset objects reloaded before import = 0Number of asset objects unloaded after import = 1

========================================================================
Received Import Request.
  Time since last request: 0.000039 seconds.
  path: Assets/StreamingAssets/AVProVideoSamples/Cones-360Stereo-2K30-H264.mp4
  artifactKey: Guid(b663aa1369b56f349a7cfdb6324aef18) Importer(2089858483,192608db42251d675da83286b1cce702)
Start importing Assets/StreamingAssets/AVProVideoSamples/Cones-360Stereo-2K30-H264.mp4 using Guid(b663aa1369b56f349a7cfdb6324aef18) Importer(2089858483,192608db42251d675da83286b1cce702) (ScriptedImporter) -> (artifact id: 'cdb32c4fb224158107b073add332c56a') in 0.0030594 seconds
Number of updated asset objects reloaded before import = 0Number of asset objects unloaded after import = 1

========================================================================
Received Import Request.
  Time since last request: 0.000014 seconds.
  path: Assets/Scenes/Web/LightingData.asset
  artifactKey: Guid(26aeb1593eee0cd49b221bbc664bdc40) Importer(2089858483,192608db42251d675da83286b1cce702)
Start importing Assets/Scenes/Web/LightingData.asset using Guid(26aeb1593eee0cd49b221bbc664bdc40) Importer(2089858483,192608db42251d675da83286b1cce702) (ScriptedImporter) -> (artifact id: 'c3aece8a3179c55b659e42b9272a71da') in 0.0204163 seconds
Number of updated asset objects reloaded before import = 0Number of asset objects unloaded after import = 2

========================================================================
Received Prepare
WARNING: Shader Unsupported: 'AVProVideo/VR/InsideSphere Unlit Transparent (stereo+color+alpha) - Android OES ONLY' - All subshaders removed
WARNING: Shader Did you use #pragma only_renderers and omit this platform?
WARNING: Shader If subshaders removal was intentional, you may have forgotten turning Fallback off?
WARNING: Shader Unsupported: 'AVProVideo/VR/InsideSphere Unlit Transparent (stereo+color+alpha) - Android OES ONLY' - All subshaders removed
WARNING: Shader Did you use #pragma only_renderers and omit this platform?
WARNING: Shader If subshaders removal was intentional, you may have forgotten turning Fallback off?
WARNING: Shader Unsupported: 'AVProVideo/VR/InsideSphere Unlit (stereo+color) - Android OES ONLY' - All subshaders removed
WARNING: Shader Did you use #pragma only_renderers and omit this platform?
WARNING: Shader If subshaders removal was intentional, you may have forgotten turning Fallback off?
WARNING: Shader Unsupported: 'AVProVideo/VR/InsideSphere Unlit (stereo+color) - Android OES ONLY' - All subshaders removed
WARNING: Shader Did you use #pragma only_renderers and omit this platform?
WARNING: Shader If subshaders removal was intentional, you may have forgotten turning Fallback off?
WARNING: Shader Unsupported: 'AVProVideo/Internal/UI/Transparent Packed (stereo) - AndroidOES' - All subshaders removed
WARNING: Shader Did you use #pragma only_renderers and omit this platform?
WARNING: Shader If subshaders removal was intentional, you may have forgotten turning Fallback off?
WARNING: Shader Unsupported: 'AVProVideo/Internal/UI/Transparent Packed (stereo) - AndroidOES' - All subshaders removed
WARNING: Shader Did you use #pragma only_renderers and omit this platform?
WARNING: Shader If subshaders removal was intentional, you may have forgotten turning Fallback off?
WARNING: Shader Unsupported: 'AVProVideo/Unlit/Opaque (texture+color+stereo support) - Android OES ONLY' - All subshaders removed
WARNING: Shader Did you use #pragma only_renderers and omit this platform?
WARNING: Shader If subshaders removal was intentional, you may have forgotten turning Fallback off?
WARNING: Shader Unsupported: 'AVProVideo/Unlit/Opaque (texture+color+stereo support) - Android OES ONLY' - All subshaders removed
WARNING: Shader Did you use #pragma only_renderers and omit this platform?
WARNING: Shader If subshaders removal was intentional, you may have forgotten turning Fallback off?
WARNING: Shader Unsupported: 'Vuplex/Android Web Shader' - All subshaders removed
WARNING: Shader Did you use #pragma only_renderers and omit this platform?
WARNING: Shader If subshaders removal was intentional, you may have forgotten turning Fallback off?
WARNING: Shader Unsupported: 'Vuplex/Android Web Shader' - All subshaders removed
WARNING: Shader Did you use #pragma only_renderers and omit this platform?
WARNING: Shader If subshaders removal was intentional, you may have forgotten turning Fallback off?
WARNING: Shader Unsupported: 'AVProVideo/Unlit/Transparent (texture+alpha support) - Android OES ONLY' - All subshaders removed
WARNING: Shader Did you use #pragma only_renderers and omit this platform?
WARNING: Shader If subshaders removal was intentional, you may have forgotten turning Fallback off?
WARNING: Shader Unsupported: 'AVProVideo/Unlit/Transparent (texture+alpha support) - Android OES ONLY' - All subshaders removed
WARNING: Shader Did you use #pragma only_renderers and omit this platform?
WARNING: Shader If subshaders removal was intentional, you may have forgotten turning Fallback off?
WARNING: Shader Unsupported: 'AVProVideo/Internal/UI/Stereo - AndroidOES' - All subshaders removed
WARNING: Shader Did you use #pragma only_renderers and omit this platform?
WARNING: Shader If subshaders removal was intentional, you may have forgotten turning Fallback off?
WARNING: Shader Unsupported: 'AVProVideo/Internal/UI/Stereo - AndroidOES' - All subshaders removed
WARNING: Shader Did you use #pragma only_renderers and omit this platform?
WARNING: Shader If subshaders removal was intentional, you may have forgotten turning Fallback off?
Refreshing native plugins compatible for Editor in 5.69 ms, found 3 plugins.
Preloading 0 native plugins for Editor in 0.00 ms.
Unloading 28 Unused Serialized files (Serialized files now loaded: 0)
Unloading 2049 unused Assets / (4.7 MB). Loaded Objects now: 2530.
Memory consumption went from 80.3 MB to 75.6 MB.
Total: 5.875000 ms (FindLiveObjects: 0.283900 ms CreateObjectMapping: 0.130100 ms MarkObjects: 3.396000 ms  DeleteObjects: 2.063300 ms)

Prepare: number of updated asset objects reloaded= 0
========================================================================
Received Import Request.
  Time since last request: 36.455402 seconds.
  path: Assets/AVProVideo/Runtime/Scripts/Components/PlaylistMediaPlayer.cs
  artifactKey: Guid(e9ea31f33222f4b418e4e051a8a5ed24) Importer(2089858483,192608db42251d675da83286b1cce702)
Start importing Assets/AVProVideo/Runtime/Scripts/Components/PlaylistMediaPlayer.cs using Guid(e9ea31f33222f4b418e4e051a8a5ed24) Importer(2089858483,192608db42251d675da83286b1cce702) (ScriptedImporter) -> (artifact id: 'a457ab0425e7c7951617e0ea15369fde') in 0.0077172 seconds
Number of updated asset objects reloaded before import = 0Number of asset objects unloaded after import = 1

========================================================================
Received Import Request.
  Time since last request: 0.000032 seconds.
  path: Assets/AVProVideo/Runtime/Scripts/Internal/Variants.cs
  artifactKey: Guid(12b83a97eac9944038c399cfebe34d0f) Importer(2089858483,192608db42251d675da83286b1cce702)
Start importing Assets/AVProVideo/Runtime/Scripts/Internal/Variants.cs using Guid(12b83a97eac9944038c399cfebe34d0f) Importer(2089858483,192608db42251d675da83286b1cce702) (ScriptedImporter) -> (artifact id: '41dd6a7a3fa1767ee14934744cf94de7') in 0.0086799 seconds
Number of updated asset objects reloaded before import = 0Number of asset objects unloaded after import = 0

========================================================================
Received Import Request.
  Time since last request: 0.000089 seconds.
  path: Assets/AVProVideo/Runtime/Scripts/Internal/Players/PlatformMediaPlayer.cs
  artifactKey: Guid(3f68628a1ef6349648e502d1c66b5114) Importer(2089858483,192608db42251d675da83286b1cce702)
Start importing Assets/AVProVideo/Runtime/Scripts/Internal/Players/PlatformMediaPlayer.cs using Guid(3f68628a1ef6349648e502d1c66b5114) Importer(2089858483,192608db42251d675da83286b1cce702) (ScriptedImporter) -> (artifact id: '5418b9c66abf138d64d9abdb6f9f7a02') in 0.0046347 seconds
Number of updated asset objects reloaded before import = 0Number of asset objects unloaded after import = 0

========================================================================
Received Import Request.
  Time since last request: 0.000163 seconds.
  path: Assets/AVProVideo/Editor/Scripts/Components/MediaPlayerEditor_Subtitles.cs
  artifactKey: Guid(a04b089da8164054e9997d11d2b2f9a4) Importer(2089858483,192608db42251d675da83286b1cce702)
Start importing Assets/AVProVideo/Editor/Scripts/Components/MediaPlayerEditor_Subtitles.cs using Guid(a04b089da8164054e9997d11d2b2f9a4) Importer(2089858483,192608db42251d675da83286b1cce702) (ScriptedImporter) -> (artifact id: '56e6768f2c2a512f0722e75702dacfd6') in 0.0034702 seconds
Number of updated asset objects reloaded before import = 0Number of asset objects unloaded after import = 0

========================================================================
Received Import Request.
  Time since last request: 0.000106 seconds.
  path: Assets/AVProVideo/Demos/Common/MediaPlayerUI/AudioTrackLine.prefab
  artifactKey: Guid(a4d6a235b924028458c2acce3d42cdc4) Importer(2089858483,192608db42251d675da83286b1cce702)
Start importing Assets/AVProVideo/Demos/Common/MediaPlayerUI/AudioTrackLine.prefab using Guid(a4d6a235b924028458c2acce3d42cdc4) Importer(2089858483,192608db42251d675da83286b1cce702) (ScriptedImporter) -> (artifact id: 'dd3ed2d2cb7d62c0ffabae4254fdd6ed') in 0.0785018 seconds
Number of updated asset objects reloaded before import = 0Number of asset objects unloaded after import = 20

========================================================================
Received Import Request.
  Time since last request: 0.000020 seconds.
  path: Assets/AVProVideo/Demos/Common/MediaPlayerUI/icon_tick.png
  artifactKey: Guid(f654eb4cabde0d241abf6194d289baeb) Importer(2089858483,192608db42251d675da83286b1cce702)
Start importing Assets/AVProVideo/Demos/Common/MediaPlayerUI/icon_tick.png using Guid(f654eb4cabde0d241abf6194d289baeb) Importer(2089858483,192608db42251d675da83286b1cce702) (ScriptedImporter) -> (artifact id: 'cbcb8bb49c5ebd30c9c53d34aea1d81b') in 0.0266154 seconds
Number of updated asset objects reloaded before import = 0Number of asset objects unloaded after import = 3

========================================================================
Received Import Request.
  Time since last request: 0.000033 seconds.
  path: Assets/AVProVideo/Demos/Common/MediaPlayerUI/MediaPlayerUI-AudioSpectrum.mat
  artifactKey: Guid(af11c0475fc59fd46ae3d7101e9cb7ad) Importer(2089858483,192608db42251d675da83286b1cce702)
Start importing Assets/AVProVideo/Demos/Common/MediaPlayerUI/MediaPlayerUI-AudioSpectrum.mat using Guid(af11c0475fc59fd46ae3d7101e9cb7ad) Importer(2089858483,192608db42251d675da83286b1cce702) (ScriptedImporter) -> (artifact id: 'de7fee95990125d576406752a7aaf9c7') in 0.0380842 seconds
Number of updated asset objects reloaded before import = 0Number of asset objects unloaded after import = 2

========================================================================
Received Import Request.
  Time since last request: 0.000019 seconds.
  path: Assets/AVProVideo/Demos/Common/MediaPlayerUI/OptionsSubtitlesPage.cs
  artifactKey: Guid(50cd5d50e506cd3489d3cd233c80f5b4) Importer(2089858483,192608db42251d675da83286b1cce702)
Start importing Assets/AVProVideo/Demos/Common/MediaPlayerUI/OptionsSubtitlesPage.cs using Guid(50cd5d50e506cd3489d3cd233c80f5b4) Importer(2089858483,192608db42251d675da83286b1cce702) (ScriptedImporter) -> (artifact id: '1285cad3758eb2daee09e3a6ca44ba0b') in 0.003365 seconds
Number of updated asset objects reloaded before import = 0Number of asset objects unloaded after import = 0

========================================================================
Received Import Request.
  Time since last request: 0.000014 seconds.
  path: Assets/AVProVideo/Runtime/Scripts/Internal/Players/PlatformMediaPlayer+Native.cs
  artifactKey: Guid(0bf374b5848b649e6b3840fe1dc03cd2) Importer(2089858483,192608db42251d675da83286b1cce702)
Start importing Assets/AVProVideo/Runtime/Scripts/Internal/Players/PlatformMediaPlayer+Native.cs using Guid(0bf374b5848b649e6b3840fe1dc03cd2) Importer(2089858483,192608db42251d675da83286b1cce702) (ScriptedImporter) -> (artifact id: '8140093fccb4f24d915e7d746ba6efa7') in 0.0038099 seconds
Number of updated asset objects reloaded before import = 0Number of asset objects unloaded after import = 0

========================================================================
Received Import Request.
  Time since last request: 0.000089 seconds.
  path: Assets/AVProVideo/Runtime/Plugins/Android/libs/arm64-v8a/libopus.so
  artifactKey: Guid(16580ba152d1f204a9d04de92628f83e) Importer(2089858483,192608db42251d675da83286b1cce702)
Start importing Assets/AVProVideo/Runtime/Plugins/Android/libs/arm64-v8a/libopus.so using Guid(16580ba152d1f204a9d04de92628f83e) Importer(2089858483,192608db42251d675da83286b1cce702) (ScriptedImporter) -> (artifact id: 'c19977590f50a46be7cc60f0d8b753e7') in 0.018499 seconds
Number of updated asset objects reloaded before import = 0Number of asset objects unloaded after import = 0

========================================================================
Received Import Request.
  Time since last request: 0.000085 seconds.
  path: Assets/AVProVideo/Runtime/Plugins/Android/libs/x86_64/libopusJNI.so
  artifactKey: Guid(fef09def6eba10436a91d1ccf15473aa) Importer(2089858483,192608db42251d675da83286b1cce702)
Start importing Assets/AVProVideo/Runtime/Plugins/Android/libs/x86_64/libopusJNI.so using Guid(fef09def6eba10436a91d1ccf15473aa) Importer(2089858483,192608db42251d675da83286b1cce702) (ScriptedImporter) -> (artifact id: 'c5f20c4f78bc1547b0a8409ef54f0683') in 0.0059207 seconds
Number of updated asset objects reloaded before import = 0Number of asset objects unloaded after import = 0

========================================================================
Received Import Request.
  Time since last request: 0.000081 seconds.
  path: Assets/AVProVideo/Editor/Scripts/Components/AudioOutputEditor.cs
  artifactKey: Guid(f7852924144fc064aad785e5985b5402) Importer(2089858483,192608db42251d675da83286b1cce702)
Start importing Assets/AVProVideo/Editor/Scripts/Components/AudioOutputEditor.cs using Guid(f7852924144fc064aad785e5985b5402) Importer(2089858483,192608db42251d675da83286b1cce702) (ScriptedImporter) -> (artifact id: '0590f0ccfcbc79d031df27c8749d9c3c') in 0.0038472 seconds
Number of updated asset objects reloaded before import = 0Number of asset objects unloaded after import = 0

========================================================================
Received Import Request.
  Time since last request: 0.000072 seconds.
  path: Assets/AVProVideo/Runtime/Plugins/Android/libs/x86/libAudio360.so
  artifactKey: Guid(4d539d2b1007e8249a0f40ce055b763c) Importer(2089858483,192608db42251d675da83286b1cce702)
Start importing Assets/AVProVideo/Runtime/Plugins/Android/libs/x86/libAudio360.so using Guid(4d539d2b1007e8249a0f40ce055b763c) Importer(2089858483,192608db42251d675da83286b1cce702) (ScriptedImporter) -> (artifact id: 'f6ca6c08fd14231fc0e42abaad412ae7') in 0.0228313 seconds
Number of updated asset objects reloaded before import = 0Number of asset objects unloaded after import = 0

========================================================================
Received Import Request.
  Time since last request: 0.371310 seconds.
  path: Assets/AVProVideo/Runtime/Plugins/WSA/UWP/ARM64/AVProVideoWinRT.dll
  artifactKey: Guid(1d02b97c55098e94aa26100231b66a52) Importer(2089858483,192608db42251d675da83286b1cce702)
Start importing Assets/AVProVideo/Runtime/Plugins/WSA/UWP/ARM64/AVProVideoWinRT.dll using Guid(1d02b97c55098e94aa26100231b66a52) Importer(2089858483,192608db42251d675da83286b1cce702) (ScriptedImporter) -> (artifact id: '3a37418bd282e8a9f70073fc07638161') in 0.0056147 seconds
Number of updated asset objects reloaded before import = 0Number of asset objects unloaded after import = 0

========================================================================
Received Import Request.
  Time since last request: 0.000015 seconds.
  path: Assets/Vuplex/WebView/Demos/Scripts/CanvasWebViewDemo.cs
  artifactKey: Guid(cb93287fef8304935af4a341481cf808) Importer(2089858483,192608db42251d675da83286b1cce702)
Start importing Assets/Vuplex/WebView/Demos/Scripts/CanvasWebViewDemo.cs using Guid(cb93287fef8304935af4a341481cf808) Importer(2089858483,192608db42251d675da83286b1cce702) (ScriptedImporter) -> (artifact id: 'b0769dc822ada12dda46d6191d5ebfd5') in 0.0041273 seconds
Number of updated asset objects reloaded before import = 0Number of asset objects unloaded after import = 0

========================================================================
Received Import Request.
  Time since last request: 0.000068 seconds.
  path: Assets/Vuplex/WebView/Core/Editor/Scripts/ConditionalCompilationUtility.cs
  artifactKey: Guid(55a3f084f6ac84e1db970f412e251da0) Importer(2089858483,192608db42251d675da83286b1cce702)
Start importing Assets/Vuplex/WebView/Core/Editor/Scripts/ConditionalCompilationUtility.cs using Guid(55a3f084f6ac84e1db970f412e251da0) Importer(2089858483,192608db42251d675da83286b1cce702) (ScriptedImporter) -> (artifact id: 'b14ae23f36c877b732f89f489300b00b') in 0.0051115 seconds
Number of updated asset objects reloaded before import = 0Number of asset objects unloaded after import = 0

========================================================================
Received Import Request.
  Time since last request: 0.000041 seconds.
  path: Assets/Vuplex/WebView/Core/Scripts/FileSelectionEventArgs.cs
  artifactKey: Guid(9c5eee343014c4c80afed57a988e957c) Importer(2089858483,192608db42251d675da83286b1cce702)
Start importing Assets/Vuplex/WebView/Core/Scripts/FileSelectionEventArgs.cs using Guid(9c5eee343014c4c80afed57a988e957c) Importer(2089858483,192608db42251d675da83286b1cce702) (ScriptedImporter) -> (artifact id: 'acc1da69d3f9aa8ff4eef53fa8aa1543') in 0.0054387 seconds
Number of updated asset objects reloaded before import = 0Number of asset objects unloaded after import = 0

========================================================================
Received Import Request.
  Time since last request: 0.000033 seconds.
  path: Assets/Vuplex/WebView/Core/Scripts/ProgressChangeType.cs
  artifactKey: Guid(6b97ca7cc81d64334a35c3936a53c842) Importer(2089858483,192608db42251d675da83286b1cce702)
Start importing Assets/Vuplex/WebView/Core/Scripts/ProgressChangeType.cs using Guid(6b97ca7cc81d64334a35c3936a53c842) Importer(2089858483,192608db42251d675da83286b1cce702) (ScriptedImporter) -> (artifact id: 'bafabd3f355858965b582eb4f3be190b') in 0.0055094 seconds
Number of updated asset objects reloaded before import = 0Number of asset objects unloaded after import = 0

========================================================================
Received Import Request.
  Time since last request: 0.000187 seconds.
  path: Assets/Vuplex/WebView/Standalone/Scripts/StandaloneClientCertificateRequestedEventArgs.cs
  artifactKey: Guid(e74de0c13c7ed40cfba61f1b7a15921a) Importer(2089858483,192608db42251d675da83286b1cce702)
Start importing Assets/Vuplex/WebView/Standalone/Scripts/StandaloneClientCertificateRequestedEventArgs.cs using Guid(e74de0c13c7ed40cfba61f1b7a15921a) Importer(2089858483,192608db42251d675da83286b1cce702) (ScriptedImporter) -> (artifact id: 'ccd5542a5842474a8ac42be6897a0836') in 0.0053375 seconds
Number of updated asset objects reloaded before import = 0Number of asset objects unloaded after import = 0

========================================================================
Received Import Request.
  Time since last request: 0.000099 seconds.
  path: Assets/Vuplex/WebView/Core/Scripts/Internal/AndroidByteArrayResultConsumer.cs
  artifactKey: Guid(4ee081500b6924516adad2e4b42b68b8) Importer(2089858483,192608db42251d675da83286b1cce702)
Start importing Assets/Vuplex/WebView/Core/Scripts/Internal/AndroidByteArrayResultConsumer.cs using Guid(4ee081500b6924516adad2e4b42b68b8) Importer(2089858483,192608db42251d675da83286b1cce702) (ScriptedImporter) -> (artifact id: '6914be7374a6fce5855fc0fd95ca29c9') in 0.0041391 seconds
Number of updated asset objects reloaded before import = 0Number of asset objects unloaded after import = 0

========================================================================
Received Import Request.
  Time since last request: 0.000022 seconds.
  path: Assets/Vuplex/WebView/Core/Editor/Scripts/OptionalDependencyAttribute.cs
  artifactKey: Guid(36b97f9b079074ee685a6ee41adc0f3b) Importer(2089858483,192608db42251d675da83286b1cce702)
Start importing Assets/Vuplex/WebView/Core/Editor/Scripts/OptionalDependencyAttribute.cs using Guid(36b97f9b079074ee685a6ee41adc0f3b) Importer(2089858483,192608db42251d675da83286b1cce702) (ScriptedImporter) -> (artifact id: '9acbb8a9ff18126b88af060c1de15bcc') in 0.0053143 seconds
Number of updated asset objects reloaded before import = 0Number of asset objects unloaded after import = 0

========================================================================
Received Import Request.
  Time since last request: 0.000023 seconds.
  path: Assets/Vuplex/WebView/Core/Scripts/IWithDeepLinking.cs
  artifactKey: Guid(f0f43be6081ca4ff6b511ded97621df5) Importer(2089858483,192608db42251d675da83286b1cce702)
Start importing Assets/Vuplex/WebView/Core/Scripts/IWithDeepLinking.cs using Guid(f0f43be6081ca4ff6b511ded97621df5) Importer(2089858483,192608db42251d675da83286b1cce702) (ScriptedImporter) -> (artifact id: 'f24d300daec1c1cc6d2cb4485e3e49bc') in 0.0042464 seconds
Number of updated asset objects reloaded before import = 0Number of asset objects unloaded after import = 0

========================================================================
Received Import Request.
  Time since last request: 0.000062 seconds.
  path: Assets/Vuplex/WebView/Core/Scripts/CanvasPointerInputDetector.cs
  artifactKey: Guid(70d2e4700f40744fe8b999f209d0253b) Importer(2089858483,192608db42251d675da83286b1cce702)
Start importing Assets/Vuplex/WebView/Core/Scripts/CanvasPointerInputDetector.cs using Guid(70d2e4700f40744fe8b999f209d0253b) Importer(2089858483,192608db42251d675da83286b1cce702) (ScriptedImporter) -> (artifact id: '7609f0fd82a5d8916cfb58d34e035195') in 0.0076116 seconds
Number of updated asset objects reloaded before import = 0Number of asset objects unloaded after import = 0

========================================================================
Received Import Request.
  Time since last request: 0.000073 seconds.
  path: Assets/Vuplex/WebView/Demos/Scenes/6_CanvasPopupDemo.unity
  artifactKey: Guid(0bdfa5843cae24fc696523cfa7bdf19a) Importer(2089858483,192608db42251d675da83286b1cce702)
Start importing Assets/Vuplex/WebView/Demos/Scenes/6_CanvasPopupDemo.unity using Guid(0bdfa5843cae24fc696523cfa7bdf19a) Importer(2089858483,192608db42251d675da83286b1cce702) (ScriptedImporter) -> (artifact id: 'a532e861af02aff4e17905c9c17e528f') in 0.0045117 seconds
Number of updated asset objects reloaded before import = 0Number of asset objects unloaded after import = 1

========================================================================
Received Import Request.
  Time since last request: 0.000037 seconds.
  path: Assets/Vuplex/WebView/Demos/Scripts/SimpleWebViewDemo.cs
  artifactKey: Guid(ba1523ff3e7124388be5cb698f67d6bb) Importer(2089858483,192608db42251d675da83286b1cce702)
Start importing Assets/Vuplex/WebView/Demos/Scripts/SimpleWebViewDemo.cs using Guid(ba1523ff3e7124388be5cb698f67d6bb) Importer(2089858483,192608db42251d675da83286b1cce702) (ScriptedImporter) -> (artifact id: '5d840cf2b18be72ef5175ecced980c2c') in 0.0038318 seconds
Number of updated asset objects reloaded before import = 0Number of asset objects unloaded after import = 0

========================================================================
Received Import Request.
  Time since last request: 0.000096 seconds.
  path: Assets/Vuplex/WebView/Core/Scripts/IWithDownloads.cs
  artifactKey: Guid(42e8d9cc2bdf5473084524035f10e896) Importer(2089858483,192608db42251d675da83286b1cce702)
Start importing Assets/Vuplex/WebView/Core/Scripts/IWithDownloads.cs using Guid(42e8d9cc2bdf5473084524035f10e896) Importer(2089858483,192608db42251d675da83286b1cce702) (ScriptedImporter) -> (artifact id: 'c399631140d3d1c1d9ef45c0ec6a536f') in 0.004865 seconds
Number of updated asset objects reloaded before import = 0Number of asset objects unloaded after import = 0

========================================================================
Received Import Request.
  Time since last request: 0.000102 seconds.
  path: Assets/Vuplex/WebView/Core/Scripts/CanvasWebViewPrefab.cs
  artifactKey: Guid(879d31ebe92b040cbb3ef97e98278140) Importer(2089858483,192608db42251d675da83286b1cce702)
Start importing Assets/Vuplex/WebView/Core/Scripts/CanvasWebViewPrefab.cs using Guid(879d31ebe92b040cbb3ef97e98278140) Importer(2089858483,192608db42251d675da83286b1cce702) (ScriptedImporter) -> (artifact id: '126807abdedebe0fd12dec6a53b48cfa') in 0.0055095 seconds
Number of updated asset objects reloaded before import = 0Number of asset objects unloaded after import = 0

========================================================================
Received Import Request.
  Time since last request: 0.000071 seconds.
  path: Assets/Vuplex/WebView/Core/Scripts/Internal/AndroidBiConsumer.cs
  artifactKey: Guid(302bac45a524c4041a861b31785e041d) Importer(2089858483,192608db42251d675da83286b1cce702)
Start importing Assets/Vuplex/WebView/Core/Scripts/Internal/AndroidBiConsumer.cs using Guid(302bac45a524c4041a861b31785e041d) Importer(2089858483,192608db42251d675da83286b1cce702) (ScriptedImporter) -> (artifact id: '8996e879e024895f566d7010c4d09c13') in 0.0048071 seconds
Number of updated asset objects reloaded before import = 0Number of asset objects unloaded after import = 0

========================================================================
Received Import Request.
  Time since last request: 0.000038 seconds.
  path: Assets/AVProVideo/Runtime/Plugins/WSA/UWP/x86_64/AVProVideoWinRT.dll
  artifactKey: Guid(f0dcaa0e9423f364cadec44ece659971) Importer(2089858483,192608db42251d675da83286b1cce702)
Start importing Assets/AVProVideo/Runtime/Plugins/WSA/UWP/x86_64/AVProVideoWinRT.dll using Guid(f0dcaa0e9423f364cadec44ece659971) Importer(2089858483,192608db42251d675da83286b1cce702) (ScriptedImporter) -> (artifact id: '4d6953f2d00049bfb334e65f8588bf16') in 0.0053 seconds
Number of updated asset objects reloaded before import = 0Number of asset objects unloaded after import = 0

========================================================================
Received Import Request.
  Time since last request: 0.000099 seconds.
  path: Assets/Vuplex/WebView/Core/Prefabs/Resources/Keyboard.prefab
  artifactKey: Guid(309109dc3a1d64a9ebdb676ae99065ac) Importer(2089858483,192608db42251d675da83286b1cce702)
Start importing Assets/Vuplex/WebView/Core/Prefabs/Resources/Keyboard.prefab using Guid(309109dc3a1d64a9ebdb676ae99065ac) Importer(2089858483,192608db42251d675da83286b1cce702) (ScriptedImporter) -> (artifact id: '241a217dd2e7452b76f2c3cf3dae829e') in 0.0075206 seconds
Number of updated asset objects reloaded before import = 0Number of asset objects unloaded after import = 10

========================================================================
Received Import Request.
  Time since last request: 0.000043 seconds.
  path: Assets/Vuplex/WebView/Core/Scripts/PopupMode.cs
  artifactKey: Guid(8c9baf20e9568438dadfd6a3f29ede31) Importer(2089858483,192608db42251d675da83286b1cce702)
Start importing Assets/Vuplex/WebView/Core/Scripts/PopupMode.cs using Guid(8c9baf20e9568438dadfd6a3f29ede31) Importer(2089858483,192608db42251d675da83286b1cce702) (ScriptedImporter) -> (artifact id: '627b8cff440e0997aa46b9dff5810e9f') in 0.0035217 seconds
Number of updated asset objects reloaded before import = 0Number of asset objects unloaded after import = 0

========================================================================
Received Import Request.
  Time since last request: 0.000057 seconds.
  path: Assets/Vuplex/WebView/Core/Editor/Scripts/DefaultPointerInputDetectorInspector.cs
  artifactKey: Guid(a4161c7b2198c4efcbd3123708e4091a) Importer(2089858483,192608db42251d675da83286b1cce702)
Start importing Assets/Vuplex/WebView/Core/Editor/Scripts/DefaultPointerInputDetectorInspector.cs using Guid(a4161c7b2198c4efcbd3123708e4091a) Importer(2089858483,192608db42251d675da83286b1cce702) (ScriptedImporter) -> (artifact id: '890376e37ffaf96f06f3ab03c00e7281') in 0.0029941 seconds
Number of updated asset objects reloaded before import = 0Number of asset objects unloaded after import = 0

========================================================================
Received Import Request.
  Time since last request: 0.000089 seconds.
  path: Assets/Vuplex/WebView/Core/Scripts/IWithMutableAudio.cs
  artifactKey: Guid(5817714c81a294c0db67a5b6767a4e5b) Importer(2089858483,192608db42251d675da83286b1cce702)
Start importing Assets/Vuplex/WebView/Core/Scripts/IWithMutableAudio.cs using Guid(5817714c81a294c0db67a5b6767a4e5b) Importer(2089858483,192608db42251d675da83286b1cce702) (ScriptedImporter) -> (artifact id: 'b545244a4bb0668fc267ec01cf9dcb47') in 0.0033481 seconds
Number of updated asset objects reloaded before import = 0Number of asset objects unloaded after import = 0

========================================================================
Received Import Request.
  Time since last request: 0.000109 seconds.
  path: Assets/Vuplex/WebView/Core/Prefabs/Resources/WebViewPrefab.prefab
  artifactKey: Guid(d704fe1266adf446ebcfa350586e1bc7) Importer(2089858483,192608db42251d675da83286b1cce702)
Start importing Assets/Vuplex/WebView/Core/Prefabs/Resources/WebViewPrefab.prefab using Guid(d704fe1266adf446ebcfa350586e1bc7) Importer(2089858483,192608db42251d675da83286b1cce702) (ScriptedImporter) -> (artifact id: '68141c3bae38153eea0e912e72c111b7') in 0.0084041 seconds
Number of updated asset objects reloaded before import = 0Number of asset objects unloaded after import = 14

========================================================================
Received Import Request.
  Time since last request: 0.000015 seconds.
  path: Assets/Vuplex/WebView/Core/Scripts/IWithNative2DMode.cs
  artifactKey: Guid(0e5c6d27739fe4a948d968d664d5c7aa) Importer(2089858483,192608db42251d675da83286b1cce702)
Start importing Assets/Vuplex/WebView/Core/Scripts/IWithNative2DMode.cs using Guid(0e5c6d27739fe4a948d968d664d5c7aa) Importer(2089858483,192608db42251d675da83286b1cce702) (ScriptedImporter) -> (artifact id: '9feed1cd5abffa0e63b0c0cd896fa02a') in 0.0028655 seconds
Number of updated asset objects reloaded before import = 0Number of asset objects unloaded after import = 0

========================================================================
Received Import Request.
  Time since last request: 0.000064 seconds.
  path: Assets/Vuplex/WebView/Core/Editor/Scripts/LabelDrawer.cs
  artifactKey: Guid(f7cc4d471c1d54e75b87468526b602cd) Importer(2089858483,192608db42251d675da83286b1cce702)
Start importing Assets/Vuplex/WebView/Core/Editor/Scripts/LabelDrawer.cs using Guid(f7cc4d471c1d54e75b87468526b602cd) Importer(2089858483,192608db42251d675da83286b1cce702) (ScriptedImporter) -> (artifact id: '7a9399e19f6e3f974788aea6a96b4787') in 0.0029701 seconds
Number of updated asset objects reloaded before import = 0Number of asset objects unloaded after import = 0

========================================================================
Received Import Request.
  Time since last request: 0.000085 seconds.
  path: Assets/Vuplex/WebView/Core/Scripts/DragMode.cs
  artifactKey: Guid(43e0cfa25fe0e4b95bfd9835c371ea65) Importer(2089858483,192608db42251d675da83286b1cce702)
Start importing Assets/Vuplex/WebView/Core/Scripts/DragMode.cs using Guid(43e0cfa25fe0e4b95bfd9835c371ea65) Importer(2089858483,192608db42251d675da83286b1cce702) (ScriptedImporter) -> (artifact id: 'fb2b813d873c64084691f87ef0194d19') in 0.0032727 seconds
Number of updated asset objects reloaded before import = 0Number of asset objects unloaded after import = 0

========================================================================
Received Import Request.
  Time since last request: 0.378180 seconds.
  path: Assets/Vuplex/WebView/Core/Scripts/Internal/IWebPlugin.cs
  artifactKey: Guid(4f3f584a20a224d9687133e85064c63e) Importer(2089858483,192608db42251d675da83286b1cce702)
Start importing Assets/Vuplex/WebView/Core/Scripts/Internal/IWebPlugin.cs using Guid(4f3f584a20a224d9687133e85064c63e) Importer(2089858483,192608db42251d675da83286b1cce702) (ScriptedImporter) -> (artifact id: '4d1c357ae194587eca4928e938778562') in 0.0160667 seconds
Number of updated asset objects reloaded before import = 0Number of asset objects unloaded after import = 0

========================================================================
Received Import Request.
  Time since last request: 0.000071 seconds.
  path: Assets/Vuplex/WebView/Documentation/static/css/main.c1f3b3cc.chunk.css
  artifactKey: Guid(935fc58aff4eb4be0be5885f5935fa03) Importer(2089858483,192608db42251d675da83286b1cce702)
Start importing Assets/Vuplex/WebView/Documentation/static/css/main.c1f3b3cc.chunk.css using Guid(935fc58aff4eb4be0be5885f5935fa03) Importer(2089858483,192608db42251d675da83286b1cce702) (ScriptedImporter) -> (artifact id: 'a63b76e4fd09b5f40bc8515181d7431e') in 0.0102711 seconds
Number of updated asset objects reloaded before import = 0Number of asset objects unloaded after import = 1

========================================================================
Received Import Request.
  Time since last request: 0.000034 seconds.
  path: Assets/Vuplex/WebView/Standalone/Windows/Plugins/VuplexWebViewChromium/locales/sk.pak
  artifactKey: Guid(4a394880a7c5c7043813eac9a5abc603) Importer(2089858483,192608db42251d675da83286b1cce702)
Start importing Assets/Vuplex/WebView/Standalone/Windows/Plugins/VuplexWebViewChromium/locales/sk.pak using Guid(4a394880a7c5c7043813eac9a5abc603) Importer(2089858483,192608db42251d675da83286b1cce702) (ScriptedImporter) -> (artifact id: '1a6a838f675cb4c3bdacab50a8d6f9a3') in 0.0107632 seconds
Number of updated asset objects reloaded before import = 0Number of asset objects unloaded after import = 1

========================================================================
Received Import Request.
  Time since last request: 0.000066 seconds.
  path: Assets/Vuplex/WebView/Standalone/Windows/Plugins/VuplexWebViewChromium/chrome_200_percent.pak
  artifactKey: Guid(2e4f3cfbcf3bb3d4da4e0c4e4938e6be) Importer(2089858483,192608db42251d675da83286b1cce702)
Start importing Assets/Vuplex/WebView/Standalone/Windows/Plugins/VuplexWebViewChromium/chrome_200_percent.pak using Guid(2e4f3cfbcf3bb3d4da4e0c4e4938e6be) Importer(2089858483,192608db42251d675da83286b1cce702) (ScriptedImporter) -> (artifact id: 'edbf77074cdd155fa9eed84b501f54c9') in 0.0187983 seconds
Number of updated asset objects reloaded before import = 0Number of asset objects unloaded after import = 1

========================================================================
Received Import Request.
  Time since last request: 0.000024 seconds.
  path: Assets/Vuplex/WebView/Standalone/Windows/Plugins/VuplexWebViewChromium/chrome_100_percent.pak
  artifactKey: Guid(e676c92199de06040831c53f397d4d5d) Importer(2089858483,192608db42251d675da83286b1cce702)
Start importing Assets/Vuplex/WebView/Standalone/Windows/Plugins/VuplexWebViewChromium/chrome_100_percent.pak using Guid(e676c92199de06040831c53f397d4d5d) Importer(2089858483,192608db42251d675da83286b1cce702) (ScriptedImporter) -> (artifact id: 'd25dd5abcc7c67c878d42ba6d125a85d') in 0.0051516 seconds
Number of updated asset objects reloaded before import = 0Number of asset objects unloaded after import = 1

========================================================================
Received Import Request.
  Time since last request: 0.000081 seconds.
  path: Assets/Vuplex/WebView/Standalone/Windows/Plugins/VuplexWebViewChromium/locales/he.pak
  artifactKey: Guid(5a664786eac451d41bd7796e4a4930dc) Importer(2089858483,192608db42251d675da83286b1cce702)
Start importing Assets/Vuplex/WebView/Standalone/Windows/Plugins/VuplexWebViewChromium/locales/he.pak using Guid(5a664786eac451d41bd7796e4a4930dc) Importer(2089858483,192608db42251d675da83286b1cce702) (ScriptedImporter) -> (artifact id: '06689f68ff11c7efece73169b723c45b') in 0.0053748 seconds
Number of updated asset objects reloaded before import = 0Number of asset objects unloaded after import = 1

========================================================================
Received Import Request.
  Time since last request: 0.000026 seconds.
  path: Assets/Vuplex/WebView/Standalone/Windows/Plugins/VuplexWebViewChromium/locales/sr.pak
  artifactKey: Guid(75ad11a99d765944dac12ceb5e909019) Importer(2089858483,192608db42251d675da83286b1cce702)
Start importing Assets/Vuplex/WebView/Standalone/Windows/Plugins/VuplexWebViewChromium/locales/sr.pak using Guid(75ad11a99d765944dac12ceb5e909019) Importer(2089858483,192608db42251d675da83286b1cce702) (ScriptedImporter) -> (artifact id: 'cd2d39d644db0a124db845031b4f1ba1') in 0.0092096 seconds
Number of updated asset objects reloaded before import = 0Number of asset objects unloaded after import = 1

========================================================================
Received Import Request.
  Time since last request: 0.000507 seconds.
  path: Assets/Vuplex/WebView/Standalone/Windows/Plugins/VuplexWebViewChromium/dxil.dll
  artifactKey: Guid(5c406ee4089e48e4281571199ad6f467) Importer(2089858483,192608db42251d675da83286b1cce702)
Start importing Assets/Vuplex/WebView/Standalone/Windows/Plugins/VuplexWebViewChromium/dxil.dll using Guid(5c406ee4089e48e4281571199ad6f467) Importer(2089858483,192608db42251d675da83286b1cce702) (ScriptedImporter) -> (artifact id: 'dd2c92443c1dd7d5fc0df69452e84da7') in 0.0185463 seconds
Number of updated asset objects reloaded before import = 0Number of asset objects unloaded after import = 0

========================================================================
Received Import Request.
  Time since last request: 0.000060 seconds.
  path: Assets/Vuplex/WebView/Standalone/Windows/Plugins/VuplexWebViewChromium/locales/ru.pak
  artifactKey: Guid(657ce246fdc74764eb7ae6a20d704424) Importer(2089858483,192608db42251d675da83286b1cce702)
Start importing Assets/Vuplex/WebView/Standalone/Windows/Plugins/VuplexWebViewChromium/locales/ru.pak using Guid(657ce246fdc74764eb7ae6a20d704424) Importer(2089858483,192608db42251d675da83286b1cce702) (ScriptedImporter) -> (artifact id: '29e13c686c97bfeb6934d0d0ffb49e11') in 0.0069005 seconds
Number of updated asset objects reloaded before import = 0Number of asset objects unloaded after import = 1

========================================================================
Received Import Request.
  Time since last request: 0.000028 seconds.
  path: Assets/Vuplex/WebView/Core/Scripts/Internal/WebPluginFactory.cs
  artifactKey: Guid(7c201fff658e44db79c2b78186109a6d) Importer(2089858483,192608db42251d675da83286b1cce702)
Start importing Assets/Vuplex/WebView/Core/Scripts/Internal/WebPluginFactory.cs using Guid(7c201fff658e44db79c2b78186109a6d) Importer(2089858483,192608db42251d675da83286b1cce702) (ScriptedImporter) -> (artifact id: '86b0dc67f9abf3cf18a5fecd419261cf') in 0.0048187 seconds
Number of updated asset objects reloaded before import = 0Number of asset objects unloaded after import = 0

========================================================================
Received Import Request.
  Time since last request: 0.000033 seconds.
  path: Assets/Vuplex/WebView/Standalone/Windows/Plugins/VuplexWebViewChromium/locales/fi.pak
  artifactKey: Guid(3c3be17c22ffa4d4285fd8365931f29f) Importer(2089858483,192608db42251d675da83286b1cce702)
Start importing Assets/Vuplex/WebView/Standalone/Windows/Plugins/VuplexWebViewChromium/locales/fi.pak using Guid(3c3be17c22ffa4d4285fd8365931f29f) Importer(2089858483,192608db42251d675da83286b1cce702) (ScriptedImporter) -> (artifact id: '096ac3d824288a2ed22dfe7256d33dd3') in 0.009627 seconds
Number of updated asset objects reloaded before import = 0Number of asset objects unloaded after import = 1

========================================================================
Received Import Request.
  Time since last request: 0.000062 seconds.
  path: Assets/Vuplex/WebView/Standalone/Windows/Plugins/VuplexWebViewChromium/locales/cs.pak
  artifactKey: Guid(dab0774cfa586784ca3d3315590e75af) Importer(2089858483,192608db42251d675da83286b1cce702)
Start importing Assets/Vuplex/WebView/Standalone/Windows/Plugins/VuplexWebViewChromium/locales/cs.pak using Guid(dab0774cfa586784ca3d3315590e75af) Importer(2089858483,192608db42251d675da83286b1cce702) (ScriptedImporter) -> (artifact id: 'b89a91dc5ed625d9907416cd98813ca7') in 0.0144214 seconds
Number of updated asset objects reloaded before import = 0Number of asset objects unloaded after import = 1

========================================================================
Received Import Request.
  Time since last request: 0.000391 seconds.
  path: Assets/Vuplex/WebView/Standalone/Windows/Plugins/VuplexWebViewChromium/locales/el.pak
  artifactKey: Guid(02e78ee83055f1c4fbd2ee3ff5677d4d) Importer(2089858483,192608db42251d675da83286b1cce702)
Start importing Assets/Vuplex/WebView/Standalone/Windows/Plugins/VuplexWebViewChromium/locales/el.pak using Guid(02e78ee83055f1c4fbd2ee3ff5677d4d) Importer(2089858483,192608db42251d675da83286b1cce702) (ScriptedImporter) -> (artifact id: '8e03a9ce6724365bb0222c18b185816c') in 0.0061491 seconds
Number of updated asset objects reloaded before import = 0Number of asset objects unloaded after import = 1

========================================================================
Received Import Request.
  Time since last request: 0.000030 seconds.
  path: Assets/Vuplex/WebView/Standalone/Mac/Scripts/Internal/MacWebPluginRegistrant.cs
  artifactKey: Guid(8d54dc6ee743145c3a442bcd18ffe7d3) Importer(2089858483,192608db42251d675da83286b1cce702)
Start importing Assets/Vuplex/WebView/Standalone/Mac/Scripts/Internal/MacWebPluginRegistrant.cs using Guid(8d54dc6ee743145c3a442bcd18ffe7d3) Importer(2089858483,192608db42251d675da83286b1cce702) (ScriptedImporter) -> (artifact id: 'a1f0e9200c2c46137eef9d8fe4267785') in 0.0050763 seconds
Number of updated asset objects reloaded before import = 0Number of asset objects unloaded after import = 0

========================================================================
Received Import Request.
  Time since last request: 0.000025 seconds.
  path: Assets/Vuplex/WebView/Standalone/Windows/Plugins/VuplexWebViewChromium/locales/tr.pak
  artifactKey: Guid(613c0d89eb8cc3f468671f8ae3b28e23) Importer(2089858483,192608db42251d675da83286b1cce702)
Start importing Assets/Vuplex/WebView/Standalone/Windows/Plugins/VuplexWebViewChromium/locales/tr.pak using Guid(613c0d89eb8cc3f468671f8ae3b28e23) Importer(2089858483,192608db42251d675da83286b1cce702) (ScriptedImporter) -> (artifact id: '8446238a64352462bc335ea71eee7927') in 0.0052673 seconds
Number of updated asset objects reloaded before import = 0Number of asset objects unloaded after import = 1

========================================================================
Received Import Request.
  Time since last request: 0.000024 seconds.
  path: Assets/Vuplex/WebView/Standalone/Windows/Plugins/VuplexWebViewChromium/d3dcompiler_47.dll
  artifactKey: Guid(8b5b2cfb97e10844f9fe119dfe3904be) Importer(2089858483,192608db42251d675da83286b1cce702)
Start importing Assets/Vuplex/WebView/Standalone/Windows/Plugins/VuplexWebViewChromium/d3dcompiler_47.dll using Guid(8b5b2cfb97e10844f9fe119dfe3904be) Importer(2089858483,192608db42251d675da83286b1cce702) (ScriptedImporter) -> (artifact id: '390f66fb21e012c67555e9e88d0e3f8d') in 0.0055142 seconds
Number of updated asset objects reloaded before import = 0Number of asset objects unloaded after import = 0

========================================================================
Received Import Request.
  Time since last request: 0.000070 seconds.
  path: Assets/Vuplex/WebView/Documentation/static/media/futura.352a13d3.woff2
  artifactKey: Guid(cd042339db982497dbdeec44fa854160) Importer(2089858483,192608db42251d675da83286b1cce702)
Start importing Assets/Vuplex/WebView/Documentation/static/media/futura.352a13d3.woff2 using Guid(cd042339db982497dbdeec44fa854160) Importer(2089858483,192608db42251d675da83286b1cce702) (ScriptedImporter) -> (artifact id: '732df87924895ca81fd119ba4203476b') in 0.0037077 seconds
Number of updated asset objects reloaded before import = 0Number of asset objects unloaded after import = 1

========================================================================
Received Import Request.
  Time since last request: 0.000024 seconds.
  path: Assets/Vuplex/WebView/Standalone/Windows/Plugins/VuplexWebViewChromium/locales/ro.pak
  artifactKey: Guid(a9e64fb81db6341469961f4baca90a26) Importer(2089858483,192608db42251d675da83286b1cce702)
Start importing Assets/Vuplex/WebView/Standalone/Windows/Plugins/VuplexWebViewChromium/locales/ro.pak using Guid(a9e64fb81db6341469961f4baca90a26) Importer(2089858483,192608db42251d675da83286b1cce702) (ScriptedImporter) -> (artifact id: '487cc6042e4df912346948fe9d6680ea') in 0.0047524 seconds
Number of updated asset objects reloaded before import = 0Number of asset objects unloaded after import = 1

========================================================================
Received Import Request.
  Time since last request: 0.000021 seconds.
  path: Assets/Vuplex/WebView/Standalone/Windows/Plugins/VuplexWebViewChromium/locales/lt.pak
  artifactKey: Guid(7a368c3e9021ade43b9ce824cf83dc12) Importer(2089858483,192608db42251d675da83286b1cce702)
Start importing Assets/Vuplex/WebView/Standalone/Windows/Plugins/VuplexWebViewChromium/locales/lt.pak using Guid(7a368c3e9021ade43b9ce824cf83dc12) Importer(2089858483,192608db42251d675da83286b1cce702) (ScriptedImporter) -> (artifact id: 'bce45a53b403476873098982a7b8b166') in 0.004207 seconds
Number of updated asset objects reloaded before import = 0Number of asset objects unloaded after import = 1

========================================================================
Received Import Request.
  Time since last request: 0.000064 seconds.
  path: Assets/Vuplex/WebView/Standalone/Windows/Plugins/VuplexWebViewChromium/locales/sl.pak
  artifactKey: Guid(1801d02dcd1d51a4885fd616f5b99c51) Importer(2089858483,192608db42251d675da83286b1cce702)
Start importing Assets/Vuplex/WebView/Standalone/Windows/Plugins/VuplexWebViewChromium/locales/sl.pak using Guid(1801d02dcd1d51a4885fd616f5b99c51) Importer(2089858483,192608db42251d675da83286b1cce702) (ScriptedImporter) -> (artifact id: 'd319457f91805dcfd5122919231666a3') in 0.0053029 seconds
Number of updated asset objects reloaded before import = 0Number of asset objects unloaded after import = 1

========================================================================
Received Import Request.
  Time since last request: 0.000045 seconds.
  path: Assets/Vuplex/WebView/Standalone/Textures/Resources/pointer.png
  artifactKey: Guid(a253c5d2e6f9042e996f5cae6723df8a) Importer(2089858483,192608db42251d675da83286b1cce702)
Start importing Assets/Vuplex/WebView/Standalone/Textures/Resources/pointer.png using Guid(a253c5d2e6f9042e996f5cae6723df8a) Importer(2089858483,192608db42251d675da83286b1cce702) (ScriptedImporter) -> (artifact id: 'a2338bb2b044d878a6080616743783f4') in 0.0079714 seconds
Number of updated asset objects reloaded before import = 0Number of asset objects unloaded after import = 1

========================================================================
Received Prepare
Begin MonoManager ReloadAssembly
[Licensing::Client] Successfully resolved entitlement details
- Loaded All Assemblies, in  0.335 seconds
Refreshing native plugins compatible for Editor in 6.80 ms, found 6 plugins.
Native extension for WindowsStandalone target not found
[Package Manager] Failed to launch server process. Reason: Unity was launched with the -noUpm command-line argument
[Package Manager] Unable to send message (not connected to server process).
[Package Manager] Cannot connect to Unity Package Manager local server
Mono: successfully reloaded assembly
- Finished resetting the current domain, in  0.321 seconds
Domain Reload Profiling: 656ms
	BeginReloadAssembly (141ms)
		ExecutionOrderSort (0ms)
		DisableScriptedObjects (4ms)
		BackupInstance (0ms)
		ReleaseScriptingObjects (0ms)
		CreateAndSetChildDomain (30ms)
	RebuildCommonClasses (24ms)
	RebuildNativeTypeToScriptingClass (8ms)
	initialDomainReloadingComplete (17ms)
	LoadAllAssembliesAndSetupDomain (145ms)
		LoadAssemblies (165ms)
		RebuildTransferFunctionScriptingTraits (0ms)
		AnalyzeDomain (50ms)
			TypeCache.Refresh (7ms)
				TypeCache.ScanAssembly (2ms)
			BuildScriptInfoCaches (38ms)
			ResolveRequiredComponents (2ms)
	FinalizeReload (322ms)
		ReleaseScriptCaches (0ms)
		RebuildScriptCaches (0ms)
		SetupLoadedEditorAssemblies (245ms)
			LogAssemblyErrors (0ms)
			InitializePlatformSupportModulesInManaged (2ms)
			SetLoadedEditorAssemblies (2ms)
			BeforeProcessingInitializeOnLoad (50ms)
			ProcessInitializeOnLoadAttributes (170ms)
			ProcessInitializeOnLoadMethodAttributes (18ms)
			AfterProcessingInitializeOnLoad (3ms)
			EditorAssembliesLoaded (0ms)
		ExecutionOrderSort2 (0ms)
		AwakeInstancesAfterBackupRestoration (5ms)
WARNING: Shader Unsupported: 'AVProVideo/VR/InsideSphere Unlit Transparent (stereo+color+alpha) - Android OES ONLY' - All subshaders removed
WARNING: Shader Did you use #pragma only_renderers and omit this platform?
WARNING: Shader If subshaders removal was intentional, you may have forgotten turning Fallback off?
WARNING: Shader Unsupported: 'AVProVideo/VR/InsideSphere Unlit Transparent (stereo+color+alpha) - Android OES ONLY' - All subshaders removed
WARNING: Shader Did you use #pragma only_renderers and omit this platform?
WARNING: Shader If subshaders removal was intentional, you may have forgotten turning Fallback off?
WARNING: Shader Unsupported: 'AVProVideo/VR/InsideSphere Unlit (stereo+color) - Android OES ONLY' - All subshaders removed
WARNING: Shader Did you use #pragma only_renderers and omit this platform?
WARNING: Shader If subshaders removal was intentional, you may have forgotten turning Fallback off?
WARNING: Shader Unsupported: 'AVProVideo/VR/InsideSphere Unlit (stereo+color) - Android OES ONLY' - All subshaders removed
WARNING: Shader Did you use #pragma only_renderers and omit this platform?
WARNING: Shader If subshaders removal was intentional, you may have forgotten turning Fallback off?
WARNING: Shader Unsupported: 'AVProVideo/Internal/UI/Transparent Packed (stereo) - AndroidOES' - All subshaders removed
WARNING: Shader Did you use #pragma only_renderers and omit this platform?
WARNING: Shader If subshaders removal was intentional, you may have forgotten turning Fallback off?
WARNING: Shader Unsupported: 'AVProVideo/Internal/UI/Transparent Packed (stereo) - AndroidOES' - All subshaders removed
WARNING: Shader Did you use #pragma only_renderers and omit this platform?
WARNING: Shader If subshaders removal was intentional, you may have forgotten turning Fallback off?
WARNING: Shader Unsupported: 'AVProVideo/Unlit/Opaque (texture+color+stereo support) - Android OES ONLY' - All subshaders removed
WARNING: Shader Did you use #pragma only_renderers and omit this platform?
WARNING: Shader If subshaders removal was intentional, you may have forgotten turning Fallback off?
WARNING: Shader Unsupported: 'AVProVideo/Unlit/Opaque (texture+color+stereo support) - Android OES ONLY' - All subshaders removed
WARNING: Shader Did you use #pragma only_renderers and omit this platform?
WARNING: Shader If subshaders removal was intentional, you may have forgotten turning Fallback off?
WARNING: Shader Unsupported: 'Vuplex/Android Web Shader' - All subshaders removed
WARNING: Shader Did you use #pragma only_renderers and omit this platform?
WARNING: Shader If subshaders removal was intentional, you may have forgotten turning Fallback off?
WARNING: Shader Unsupported: 'Vuplex/Android Web Shader' - All subshaders removed
WARNING: Shader Did you use #pragma only_renderers and omit this platform?
WARNING: Shader If subshaders removal was intentional, you may have forgotten turning Fallback off?
WARNING: Shader Unsupported: 'AVProVideo/Unlit/Transparent (texture+alpha support) - Android OES ONLY' - All subshaders removed
WARNING: Shader Did you use #pragma only_renderers and omit this platform?
WARNING: Shader If subshaders removal was intentional, you may have forgotten turning Fallback off?
WARNING: Shader Unsupported: 'AVProVideo/Unlit/Transparent (texture+alpha support) - Android OES ONLY' - All subshaders removed
WARNING: Shader Did you use #pragma only_renderers and omit this platform?
WARNING: Shader If subshaders removal was intentional, you may have forgotten turning Fallback off?
WARNING: Shader Unsupported: 'AVProVideo/Internal/UI/Stereo - AndroidOES' - All subshaders removed
WARNING: Shader Did you use #pragma only_renderers and omit this platform?
WARNING: Shader If subshaders removal was intentional, you may have forgotten turning Fallback off?
WARNING: Shader Unsupported: 'AVProVideo/Internal/UI/Stereo - AndroidOES' - All subshaders removed
WARNING: Shader Did you use #pragma only_renderers and omit this platform?
WARNING: Shader If subshaders removal was intentional, you may have forgotten turning Fallback off?
Refreshing native plugins compatible for Editor in 7.32 ms, found 6 plugins.
Preloading 0 native plugins for Editor in 0.00 ms.
Unloading 28 Unused Serialized files (Serialized files now loaded: 0)
Unloading 2120 unused Assets / (4.7 MB). Loaded Objects now: 2536.
Memory consumption went from 86.3 MB to 81.6 MB.
Total: 4.200200 ms (FindLiveObjects: 0.173600 ms CreateObjectMapping: 0.088800 ms MarkObjects: 2.619800 ms  DeleteObjects: 1.316700 ms)

Prepare: number of updated asset objects reloaded= 0
========================================================================
Received Prepare
Begin MonoManager ReloadAssembly
- Loaded All Assemblies, in  0.374 seconds
Refreshing native plugins compatible for Editor in 8.05 ms, found 6 plugins.
Native extension for WindowsStandalone target not found
[Package Manager] Failed to launch server process. Reason: Unity was launched with the -noUpm command-line argument
[Package Manager] Unable to send message (not connected to server process).
[Package Manager] Cannot connect to Unity Package Manager local server
Mono: successfully reloaded assembly
- Finished resetting the current domain, in  0.386 seconds
Domain Reload Profiling: 758ms
	BeginReloadAssembly (129ms)
		ExecutionOrderSort (0ms)
		DisableScriptedObjects (4ms)
		BackupInstance (0ms)
		ReleaseScriptingObjects (0ms)
		CreateAndSetChildDomain (24ms)
	RebuildCommonClasses (25ms)
	RebuildNativeTypeToScriptingClass (8ms)
	initialDomainReloadingComplete (20ms)
	LoadAllAssembliesAndSetupDomain (189ms)
		LoadAssemblies (200ms)
		RebuildTransferFunctionScriptingTraits (0ms)
		AnalyzeDomain (55ms)
			TypeCache.Refresh (5ms)
				TypeCache.ScanAssembly (0ms)
			BuildScriptInfoCaches (45ms)
			ResolveRequiredComponents (2ms)
	FinalizeReload (387ms)
		ReleaseScriptCaches (0ms)
		RebuildScriptCaches (0ms)
		SetupLoadedEditorAssemblies (292ms)
			LogAssemblyErrors (0ms)
			InitializePlatformSupportModulesInManaged (4ms)
			SetLoadedEditorAssemblies (4ms)
			BeforeProcessingInitializeOnLoad (67ms)
			ProcessInitializeOnLoadAttributes (193ms)
			ProcessInitializeOnLoadMethodAttributes (19ms)
			AfterProcessingInitializeOnLoad (5ms)
			EditorAssembliesLoaded (0ms)
		ExecutionOrderSort2 (0ms)
		AwakeInstancesAfterBackupRestoration (8ms)
WARNING: Shader Unsupported: 'AVProVideo/VR/InsideSphere Unlit Transparent (stereo+color+alpha) - Android OES ONLY' - All subshaders removed
WARNING: Shader Did you use #pragma only_renderers and omit this platform?
WARNING: Shader If subshaders removal was intentional, you may have forgotten turning Fallback off?
WARNING: Shader Unsupported: 'AVProVideo/VR/InsideSphere Unlit Transparent (stereo+color+alpha) - Android OES ONLY' - All subshaders removed
WARNING: Shader Did you use #pragma only_renderers and omit this platform?
WARNING: Shader If subshaders removal was intentional, you may have forgotten turning Fallback off?
WARNING: Shader Unsupported: 'AVProVideo/VR/InsideSphere Unlit (stereo+color) - Android OES ONLY' - All subshaders removed
WARNING: Shader Did you use #pragma only_renderers and omit this platform?
WARNING: Shader If subshaders removal was intentional, you may have forgotten turning Fallback off?
WARNING: Shader Unsupported: 'AVProVideo/VR/InsideSphere Unlit (stereo+color) - Android OES ONLY' - All subshaders removed
WARNING: Shader Did you use #pragma only_renderers and omit this platform?
WARNING: Shader If subshaders removal was intentional, you may have forgotten turning Fallback off?
WARNING: Shader Unsupported: 'AVProVideo/Internal/UI/Transparent Packed (stereo) - AndroidOES' - All subshaders removed
WARNING: Shader Did you use #pragma only_renderers and omit this platform?
WARNING: Shader If subshaders removal was intentional, you may have forgotten turning Fallback off?
WARNING: Shader Unsupported: 'AVProVideo/Internal/UI/Transparent Packed (stereo) - AndroidOES' - All subshaders removed
WARNING: Shader Did you use #pragma only_renderers and omit this platform?
WARNING: Shader If subshaders removal was intentional, you may have forgotten turning Fallback off?
WARNING: Shader Unsupported: 'AVProVideo/Unlit/Opaque (texture+color+stereo support) - Android OES ONLY' - All subshaders removed
WARNING: Shader Did you use #pragma only_renderers and omit this platform?
WARNING: Shader If subshaders removal was intentional, you may have forgotten turning Fallback off?
WARNING: Shader Unsupported: 'AVProVideo/Unlit/Opaque (texture+color+stereo support) - Android OES ONLY' - All subshaders removed
WARNING: Shader Did you use #pragma only_renderers and omit this platform?
WARNING: Shader If subshaders removal was intentional, you may have forgotten turning Fallback off?
WARNING: Shader Unsupported: 'Vuplex/Android Web Shader' - All subshaders removed
WARNING: Shader Did you use #pragma only_renderers and omit this platform?
WARNING: Shader If subshaders removal was intentional, you may have forgotten turning Fallback off?
WARNING: Shader Unsupported: 'Vuplex/Android Web Shader' - All subshaders removed
WARNING: Shader Did you use #pragma only_renderers and omit this platform?
WARNING: Shader If subshaders removal was intentional, you may have forgotten turning Fallback off?
WARNING: Shader Unsupported: 'AVProVideo/Unlit/Transparent (texture+alpha support) - Android OES ONLY' - All subshaders removed
WARNING: Shader Did you use #pragma only_renderers and omit this platform?
WARNING: Shader If subshaders removal was intentional, you may have forgotten turning Fallback off?
WARNING: Shader Unsupported: 'AVProVideo/Unlit/Transparent (texture+alpha support) - Android OES ONLY' - All subshaders removed
WARNING: Shader Did you use #pragma only_renderers and omit this platform?
WARNING: Shader If subshaders removal was intentional, you may have forgotten turning Fallback off?
WARNING: Shader Unsupported: 'AVProVideo/Internal/UI/Stereo - AndroidOES' - All subshaders removed
WARNING: Shader Did you use #pragma only_renderers and omit this platform?
WARNING: Shader If subshaders removal was intentional, you may have forgotten turning Fallback off?
WARNING: Shader Unsupported: 'AVProVideo/Internal/UI/Stereo - AndroidOES' - All subshaders removed
WARNING: Shader Did you use #pragma only_renderers and omit this platform?
WARNING: Shader If subshaders removal was intentional, you may have forgotten turning Fallback off?
Refreshing native plugins compatible for Editor in 188.05 ms, found 6 plugins.
Preloading 0 native plugins for Editor in 0.00 ms.
Unloading 28 Unused Serialized files (Serialized files now loaded: 0)
Unloading 2120 unused Assets / (4.7 MB). Loaded Objects now: 2537.
Memory consumption went from 86.4 MB to 81.7 MB.
Total: 5.841800 ms (FindLiveObjects: 0.282900 ms CreateObjectMapping: 0.109500 ms MarkObjects: 3.179100 ms  DeleteObjects: 2.268700 ms)

Prepare: number of updated asset objects reloaded= 0
========================================================================
Received Prepare
Begin MonoManager ReloadAssembly
- Loaded All Assemblies, in  0.366 seconds
Refreshing native plugins compatible for Editor in 10.94 ms, found 6 plugins.
Native extension for WindowsStandalone target not found
[Package Manager] Failed to launch server process. Reason: Unity was launched with the -noUpm command-line argument
[Package Manager] Unable to send message (not connected to server process).
[Package Manager] Cannot connect to Unity Package Manager local server
Mono: successfully reloaded assembly
- Finished resetting the current domain, in  0.362 seconds
Domain Reload Profiling: 726ms
	BeginReloadAssembly (142ms)
		ExecutionOrderSort (0ms)
		DisableScriptedObjects (4ms)
		BackupInstance (0ms)
		ReleaseScriptingObjects (0ms)
		CreateAndSetChildDomain (29ms)
	RebuildCommonClasses (24ms)
	RebuildNativeTypeToScriptingClass (8ms)
	initialDomainReloadingComplete (19ms)
	LoadAllAssembliesAndSetupDomain (170ms)
		LoadAssemblies (177ms)
		RebuildTransferFunctionScriptingTraits (0ms)
		AnalyzeDomain (65ms)
			TypeCache.Refresh (7ms)
				TypeCache.ScanAssembly (0ms)
			BuildScriptInfoCaches (53ms)
			ResolveRequiredComponents (2ms)
	FinalizeReload (362ms)
		ReleaseScriptCaches (0ms)
		RebuildScriptCaches (0ms)
		SetupLoadedEditorAssemblies (258ms)
			LogAssemblyErrors (0ms)
			InitializePlatformSupportModulesInManaged (1ms)
			SetLoadedEditorAssemblies (2ms)
			BeforeProcessingInitializeOnLoad (59ms)
			ProcessInitializeOnLoadAttributes (175ms)
			ProcessInitializeOnLoadMethodAttributes (16ms)
			AfterProcessingInitializeOnLoad (4ms)
			EditorAssembliesLoaded (0ms)
		ExecutionOrderSort2 (0ms)
		AwakeInstancesAfterBackupRestoration (7ms)
WARNING: Shader Unsupported: 'AVProVideo/VR/InsideSphere Unlit Transparent (stereo+color+alpha) - Android OES ONLY' - All subshaders removed
WARNING: Shader Did you use #pragma only_renderers and omit this platform?
WARNING: Shader If subshaders removal was intentional, you may have forgotten turning Fallback off?
WARNING: Shader Unsupported: 'AVProVideo/VR/InsideSphere Unlit Transparent (stereo+color+alpha) - Android OES ONLY' - All subshaders removed
WARNING: Shader Did you use #pragma only_renderers and omit this platform?
WARNING: Shader If subshaders removal was intentional, you may have forgotten turning Fallback off?
WARNING: Shader Unsupported: 'AVProVideo/VR/InsideSphere Unlit (stereo+color) - Android OES ONLY' - All subshaders removed
WARNING: Shader Did you use #pragma only_renderers and omit this platform?
WARNING: Shader If subshaders removal was intentional, you may have forgotten turning Fallback off?
WARNING: Shader Unsupported: 'AVProVideo/VR/InsideSphere Unlit (stereo+color) - Android OES ONLY' - All subshaders removed
WARNING: Shader Did you use #pragma only_renderers and omit this platform?
WARNING: Shader If subshaders removal was intentional, you may have forgotten turning Fallback off?
WARNING: Shader Unsupported: 'AVProVideo/Internal/UI/Transparent Packed (stereo) - AndroidOES' - All subshaders removed
WARNING: Shader Did you use #pragma only_renderers and omit this platform?
WARNING: Shader If subshaders removal was intentional, you may have forgotten turning Fallback off?
WARNING: Shader Unsupported: 'AVProVideo/Internal/UI/Transparent Packed (stereo) - AndroidOES' - All subshaders removed
WARNING: Shader Did you use #pragma only_renderers and omit this platform?
WARNING: Shader If subshaders removal was intentional, you may have forgotten turning Fallback off?
WARNING: Shader Unsupported: 'AVProVideo/Unlit/Opaque (texture+color+stereo support) - Android OES ONLY' - All subshaders removed
WARNING: Shader Did you use #pragma only_renderers and omit this platform?
WARNING: Shader If subshaders removal was intentional, you may have forgotten turning Fallback off?
WARNING: Shader Unsupported: 'AVProVideo/Unlit/Opaque (texture+color+stereo support) - Android OES ONLY' - All subshaders removed
WARNING: Shader Did you use #pragma only_renderers and omit this platform?
WARNING: Shader If subshaders removal was intentional, you may have forgotten turning Fallback off?
WARNING: Shader Unsupported: 'Vuplex/Android Web Shader' - All subshaders removed
WARNING: Shader Did you use #pragma only_renderers and omit this platform?
WARNING: Shader If subshaders removal was intentional, you may have forgotten turning Fallback off?
WARNING: Shader Unsupported: 'Vuplex/Android Web Shader' - All subshaders removed
WARNING: Shader Did you use #pragma only_renderers and omit this platform?
WARNING: Shader If subshaders removal was intentional, you may have forgotten turning Fallback off?
WARNING: Shader Unsupported: 'AVProVideo/Unlit/Transparent (texture+alpha support) - Android OES ONLY' - All subshaders removed
WARNING: Shader Did you use #pragma only_renderers and omit this platform?
WARNING: Shader If subshaders removal was intentional, you may have forgotten turning Fallback off?
WARNING: Shader Unsupported: 'AVProVideo/Unlit/Transparent (texture+alpha support) - Android OES ONLY' - All subshaders removed
WARNING: Shader Did you use #pragma only_renderers and omit this platform?
WARNING: Shader If subshaders removal was intentional, you may have forgotten turning Fallback off?
WARNING: Shader Unsupported: 'AVProVideo/Internal/UI/Stereo - AndroidOES' - All subshaders removed
WARNING: Shader Did you use #pragma only_renderers and omit this platform?
WARNING: Shader If subshaders removal was intentional, you may have forgotten turning Fallback off?
WARNING: Shader Unsupported: 'AVProVideo/Internal/UI/Stereo - AndroidOES' - All subshaders removed
WARNING: Shader Did you use #pragma only_renderers and omit this platform?
WARNING: Shader If subshaders removal was intentional, you may have forgotten turning Fallback off?
Refreshing native plugins compatible for Editor in 9.65 ms, found 6 plugins.
Preloading 0 native plugins for Editor in 0.00 ms.
Unloading 28 Unused Serialized files (Serialized files now loaded: 0)
Unloading 2120 unused Assets / (4.7 MB). Loaded Objects now: 2538.
Memory consumption went from 86.4 MB to 81.7 MB.
Total: 5.062500 ms (FindLiveObjects: 0.247700 ms CreateObjectMapping: 0.116200 ms MarkObjects: 3.048200 ms  DeleteObjects: 1.649200 ms)

Prepare: number of updated asset objects reloaded= 0
========================================================================
Received Prepare
Begin MonoManager ReloadAssembly
- Loaded All Assemblies, in  0.325 seconds
Refreshing native plugins compatible for Editor in 7.66 ms, found 6 plugins.
Native extension for WindowsStandalone target not found
[Package Manager] Failed to launch server process. Reason: Unity was launched with the -noUpm command-line argument
[Package Manager] Unable to send message (not connected to server process).
[Package Manager] Cannot connect to Unity Package Manager local server
Mono: successfully reloaded assembly
- Finished resetting the current domain, in  0.342 seconds
Domain Reload Profiling: 667ms
	BeginReloadAssembly (131ms)
		ExecutionOrderSort (0ms)
		DisableScriptedObjects (4ms)
		BackupInstance (0ms)
		ReleaseScriptingObjects (0ms)
		CreateAndSetChildDomain (25ms)
	RebuildCommonClasses (23ms)
	RebuildNativeTypeToScriptingClass (8ms)
	initialDomainReloadingComplete (16ms)
	LoadAllAssembliesAndSetupDomain (146ms)
		LoadAssemblies (162ms)
		RebuildTransferFunctionScriptingTraits (0ms)
		AnalyzeDomain (52ms)
			TypeCache.Refresh (5ms)
				TypeCache.ScanAssembly (0ms)
			BuildScriptInfoCaches (43ms)
			ResolveRequiredComponents (2ms)
	FinalizeReload (343ms)
		ReleaseScriptCaches (0ms)
		RebuildScriptCaches (0ms)
		SetupLoadedEditorAssemblies (253ms)
			LogAssemblyErrors (0ms)
			InitializePlatformSupportModulesInManaged (2ms)
			SetLoadedEditorAssemblies (3ms)
			BeforeProcessingInitializeOnLoad (53ms)
			ProcessInitializeOnLoadAttributes (171ms)
			ProcessInitializeOnLoadMethodAttributes (20ms)
			AfterProcessingInitializeOnLoad (3ms)
			EditorAssembliesLoaded (0ms)
		ExecutionOrderSort2 (0ms)
		AwakeInstancesAfterBackupRestoration (7ms)
WARNING: Shader Unsupported: 'AVProVideo/VR/InsideSphere Unlit Transparent (stereo+color+alpha) - Android OES ONLY' - All subshaders removed
WARNING: Shader Did you use #pragma only_renderers and omit this platform?
WARNING: Shader If subshaders removal was intentional, you may have forgotten turning Fallback off?
WARNING: Shader Unsupported: 'AVProVideo/VR/InsideSphere Unlit Transparent (stereo+color+alpha) - Android OES ONLY' - All subshaders removed
WARNING: Shader Did you use #pragma only_renderers and omit this platform?
WARNING: Shader If subshaders removal was intentional, you may have forgotten turning Fallback off?
WARNING: Shader Unsupported: 'AVProVideo/VR/InsideSphere Unlit (stereo+color) - Android OES ONLY' - All subshaders removed
WARNING: Shader Did you use #pragma only_renderers and omit this platform?
WARNING: Shader If subshaders removal was intentional, you may have forgotten turning Fallback off?
WARNING: Shader Unsupported: 'AVProVideo/VR/InsideSphere Unlit (stereo+color) - Android OES ONLY' - All subshaders removed
WARNING: Shader Did you use #pragma only_renderers and omit this platform?
WARNING: Shader If subshaders removal was intentional, you may have forgotten turning Fallback off?
WARNING: Shader Unsupported: 'AVProVideo/Internal/UI/Transparent Packed (stereo) - AndroidOES' - All subshaders removed
WARNING: Shader Did you use #pragma only_renderers and omit this platform?
WARNING: Shader If subshaders removal was intentional, you may have forgotten turning Fallback off?
WARNING: Shader Unsupported: 'AVProVideo/Internal/UI/Transparent Packed (stereo) - AndroidOES' - All subshaders removed
WARNING: Shader Did you use #pragma only_renderers and omit this platform?
WARNING: Shader If subshaders removal was intentional, you may have forgotten turning Fallback off?
WARNING: Shader Unsupported: 'AVProVideo/Unlit/Opaque (texture+color+stereo support) - Android OES ONLY' - All subshaders removed
WARNING: Shader Did you use #pragma only_renderers and omit this platform?
WARNING: Shader If subshaders removal was intentional, you may have forgotten turning Fallback off?
WARNING: Shader Unsupported: 'AVProVideo/Unlit/Opaque (texture+color+stereo support) - Android OES ONLY' - All subshaders removed
WARNING: Shader Did you use #pragma only_renderers and omit this platform?
WARNING: Shader If subshaders removal was intentional, you may have forgotten turning Fallback off?
WARNING: Shader Unsupported: 'Vuplex/Android Web Shader' - All subshaders removed
WARNING: Shader Did you use #pragma only_renderers and omit this platform?
WARNING: Shader If subshaders removal was intentional, you may have forgotten turning Fallback off?
WARNING: Shader Unsupported: 'Vuplex/Android Web Shader' - All subshaders removed
WARNING: Shader Did you use #pragma only_renderers and omit this platform?
WARNING: Shader If subshaders removal was intentional, you may have forgotten turning Fallback off?
WARNING: Shader Unsupported: 'AVProVideo/Unlit/Transparent (texture+alpha support) - Android OES ONLY' - All subshaders removed
WARNING: Shader Did you use #pragma only_renderers and omit this platform?
WARNING: Shader If subshaders removal was intentional, you may have forgotten turning Fallback off?
WARNING: Shader Unsupported: 'AVProVideo/Unlit/Transparent (texture+alpha support) - Android OES ONLY' - All subshaders removed
WARNING: Shader Did you use #pragma only_renderers and omit this platform?
WARNING: Shader If subshaders removal was intentional, you may have forgotten turning Fallback off?
WARNING: Shader Unsupported: 'AVProVideo/Internal/UI/Stereo - AndroidOES' - All subshaders removed
WARNING: Shader Did you use #pragma only_renderers and omit this platform?
WARNING: Shader If subshaders removal was intentional, you may have forgotten turning Fallback off?
WARNING: Shader Unsupported: 'AVProVideo/Internal/UI/Stereo - AndroidOES' - All subshaders removed
WARNING: Shader Did you use #pragma only_renderers and omit this platform?
WARNING: Shader If subshaders removal was intentional, you may have forgotten turning Fallback off?
Refreshing native plugins compatible for Editor in 7.98 ms, found 6 plugins.
Preloading 0 native plugins for Editor in 0.00 ms.
Unloading 28 Unused Serialized files (Serialized files now loaded: 0)
Unloading 2120 unused Assets / (4.8 MB). Loaded Objects now: 2539.
Memory consumption went from 86.4 MB to 81.7 MB.
Total: 4.444700 ms (FindLiveObjects: 0.186000 ms CreateObjectMapping: 0.090300 ms MarkObjects: 2.749100 ms  DeleteObjects: 1.417800 ms)

Prepare: number of updated asset objects reloaded= 0
